{
  "passed": true,
  "alignedPairs": 146,
  "nativeEndpoint": {
    "sampleIndex": 156,
    "nativeTimeMin": 2.483324,
    "nativeTimeSec": 148.99944,
    "elapsedSinceChallengeBaselineSec": 138.999444,
    "hrPerMin": 0.0,
    "sourceSaNodeHrPerMin": 72.0793994184346,
    "mapMmHg": 21.8220192578077,
    "cardiacOutputMlPerMin": 0.0,
    "arterialO2ContentMlPerMl": 0.0335336000894809,
    "pao2MmHg": 12.773575608249,
    "paco2MmHg": 40.6520771802773,
    "pH": 7.41992660126859,
    "hematocritFraction": 0.439268397277426,
    "totalHgbGPerMl": 0.149750589980941,
    "oxygenCapacityMlPerMl": 0.199881384930533,
    "chemoreceptorFiringRate": 10.5901093713031,
    "chemoreceptorBasicFiringRate": 10.5711132115894,
    "chemoreceptorPo2Effect": 10.0,
    "chemoreceptorPhEffect": 0.469391970931611,
    "sympsCnsReflexNa": 0.0,
    "sympsCnsNa": 1.0,
    "sympsCnsHz": 1.5,
    "gangliaHz": 1.5,
    "vagusHz": 2.0,
    "betaPoolEffect": 1.01668788200161,
    "saBetaActivity": 1.00784394100081,
    "parasympatheticEffectPerMin": -20.0,
    "sympatheticEffectPerMin": 10.0793994184346,
    "brainBloodFlowMlPerMin": 266.818847265351,
    "brainPo2MmHg": 6.75717332129475,
    "brainFunctionEffect": 0.0349099369853076,
    "oxygenDeliveryMlPerMin": 0.0
  },
  "firstZeroHr": {
    "sampleIndex": 155,
    "nativeTimeMin": 2.4666574,
    "nativeTimeSec": 147.99944399999998,
    "elapsedSinceChallengeBaselineSec": 137.99944799999997,
    "hrPerMin": 0.0,
    "sourceSaNodeHrPerMin": 72.0797446827665,
    "mapMmHg": 62.8273904480054,
    "cardiacOutputMlPerMin": 0.0,
    "arterialO2ContentMlPerMl": 0.0364477935830155,
    "pao2MmHg": 14.1565680166321,
    "paco2MmHg": 46.4651503192117,
    "pH": 7.36189604124593,
    "hematocritFraction": 0.439286249410174,
    "totalHgbGPerMl": 0.149756675935287,
    "oxygenCapacityMlPerMl": 0.199889526523568,
    "chemoreceptorFiringRate": 10.8746152828604,
    "chemoreceptorBasicFiringRate": 10.8552590136564,
    "chemoreceptorPo2Effect": 10.0,
    "chemoreceptorPhEffect": 0.753531013695465,
    "sympsCnsReflexNa": 0.0,
    "sympsCnsNa": 1.0,
    "sympsCnsHz": 1.5,
    "gangliaHz": 1.5,
    "vagusHz": 2.0,
    "betaPoolEffect": 1.01675528268612,
    "saBetaActivity": 1.00787764134306,
    "parasympatheticEffectPerMin": -20.0,
    "sympatheticEffectPerMin": 10.0797446827665,
    "brainBloodFlowMlPerMin": 1103.69474583242,
    "brainPo2MmHg": 10.5783563291883,
    "brainFunctionEffect": 0.0423891680823497,
    "oxygenDeliveryMlPerMin": 0.0
  },
  "endpointReduced": {
    "tSec": 140,
    "hrPerMin": 72.05777456452203,
    "sourceSaNodeHrPerMin": 72.05777456452203,
    "mapMmHg": 72.76835900623946,
    "cardiacOutputMlPerMin": 4326.468153603453,
    "arterialO2ContentMlPerMl": 0.03198724690243034,
    "oxygenDeliveryMlPerMin": 138.39180504481558,
    "pao2MmHg": 15.954890474292009,
    "paco2MmHg": 70.12263299520812,
    "pH": 7.176201776521418,
    "hematocritFraction": null,
    "totalHgbGPerMl": null,
    "oxygenCapacityMlPerMl": 0.201,
    "chemoreceptorFiringRate": 13.22134435625401,
    "chemoreceptorBasicFiringRate": 11.982307193034822,
    "chemoreceptorPo2Effect": 10,
    "chemoreceptorPhEffect": 1.8291227523373892,
    "sympsCnsReflexNa": 1.5050273377834589,
    "sympsCnsNa": 1,
    "sympsCnsHz": 1.5,
    "gangliaHz": 1.5,
    "vagusHz": 2,
    "betaPoolEffect": 1.0123914690430524,
    "saBetaActivity": 1.0057262745423747,
    "parasympatheticEffectPerMin": -20,
    "sympatheticEffectPerMin": 10.057774564522031,
    "brainBloodFlowMlPerMin": null,
    "brainPo2MmHg": 11.219518782259861,
    "brainFunctionEffect": 0.01916699343002915,
    "cardiacArrest": false,
    "ventilatorChangePending": false,
    "ventilator": {
      "mode": "VC_AC",
      "fio2": 0.2,
      "peepCmH2O": 8,
      "rrPerMin": 4,
      "vtL": 0.1,
      "inspiratoryFlowLps": 0.2,
      "inspiratoryPauseSec": 0
    }
  },
  "endpointBrowser": {
    "tSec": 140,
    "hrPerMin": 110.6943292231011,
    "sourceSaNodeHrPerMin": 80.6943292231011,
    "mapMmHg": 87.52596041012295,
    "cardiacOutputMlPerMin": 5298.0691164638965,
    "arterialO2ContentMlPerMl": null,
    "oxygenDeliveryMlPerMin": null,
    "pao2MmHg": 15.795347969451669,
    "paco2MmHg": 68.32154242819047,
    "pH": 7.187502328897448,
    "hematocritFraction": null,
    "totalHgbGPerMl": null,
    "oxygenCapacityMlPerMl": 0.201,
    "chemoreceptorFiringRate": null,
    "chemoreceptorBasicFiringRate": null,
    "chemoreceptorPo2Effect": null,
    "chemoreceptorPhEffect": null,
    "sympsCnsReflexNa": 1.2401910345892868,
    "sympsCnsNa": 1.2401910345892868,
    "sympsCnsHz": 1.8602865518839302,
    "gangliaHz": 1.8602865518839302,
    "vagusHz": 1.3625002366127887,
    "betaPoolEffect": 1.0166825198429181,
    "saBetaActivity": 1.127757458632984,
    "parasympatheticEffectPerMin": -12.832411342348134,
    "sympatheticEffectPerMin": 11.526740565449227,
    "brainBloodFlowMlPerMin": null,
    "brainPo2MmHg": null,
    "brainFunctionEffect": null,
    "cardiacArrest": false,
    "ventilatorChangePending": false,
    "ventilator": {
      "mode": "VC_AC",
      "fio2": 0.2,
      "peepCmH2O": 8,
      "rrPerMin": 4,
      "vtL": 0.1,
      "inspiratoryFlowLps": 0.2,
      "inspiratoryPauseSec": 0
    }
  }
}
